La g├®n├®ration a d├®marr├® 07/04/2026 15:31:23.
     1>Projet "C:\Personnal\Projects\Orion\backend\Orion.Tests\Orion.Tests.csproj" sur le n┼ôud 1 (Restore cible(s)).
     1>_GetAllRestoreProjectPathItems:
         Identification des projets ├á restaurer...
       Restore:
         La validation de la cha├«ne de certificats X.509 utilisera le magasin de confiance par d├®faut s├®lectionn├® par .NET pour le code de signature.
         La validation de la cha├«ne de certificats X.509 utilisera le magasin de confiance par d├®faut s├®lectionn├® par .NET pour le timestamp.
         Le fichier d'actifs n'a pas chang├®. ├ëcriture du fichier d'actifs ignor├®e. Chemin┬á: C:\Personnal\Projects\Orion\backend\Orion.Core\obj\project.assets.json
         Le fichier d'actifs n'a pas chang├®. ├ëcriture du fichier d'actifs ignor├®e. Chemin┬á: C:\Personnal\Projects\Orion\backend\Orion.Business\obj\project.assets.json
         Le fichier d'actifs n'a pas chang├®. ├ëcriture du fichier d'actifs ignor├®e. Chemin┬á: C:\Personnal\Projects\Orion\backend\Orion.Data\obj\project.assets.json
         Le fichier d'actifs n'a pas chang├®. ├ëcriture du fichier d'actifs ignor├®e. Chemin┬á: C:\Personnal\Projects\Orion\backend\Orion.Tests\obj\project.assets.json
         Le fichier d'actifs n'a pas chang├®. ├ëcriture du fichier d'actifs ignor├®e. Chemin┬á: C:\Personnal\Projects\Orion\backend\Orion.Api\obj\project.assets.json
         Restauration effectu├®e de C:\Personnal\Projects\Orion\backend\Orion.Business\Orion.Business.csproj (en 129 ms).
         Restauration effectu├®e de C:\Personnal\Projects\Orion\backend\Orion.Data\Orion.Data.csproj (en 129 ms).
         Restauration effectu├®e de C:\Personnal\Projects\Orion\backend\Orion.Core\Orion.Core.csproj (en 128 ms).
         Restauration effectu├®e de C:\Personnal\Projects\Orion\backend\Orion.Tests\Orion.Tests.csproj (en 130 ms).
         Restauration effectu├®e de C:\Personnal\Projects\Orion\backend\Orion.Api\Orion.Api.csproj (en 130 ms).
         
         Fichiers de configuration NuGet utilis├®s┬á:
             C:\Users\peter\AppData\Roaming\NuGet\NuGet.Config
             C:\Program Files (x86)\NuGet\Config\Microsoft.VisualStudio.FallbackLocation.config
             C:\Program Files (x86)\NuGet\Config\Microsoft.VisualStudio.Offline.config
         
         Flux utilis├®s┬á:
             https://api.nuget.org/v3/index.json
             C:\Program Files (x86)\Microsoft SDKs\NuGetPackages\
             C:\Program Files\dotnet\library-packs
         Tous les projets sont ├á jour pour la restauration.
     1>G├®n├®ration du projet "C:\Personnal\Projects\Orion\backend\Orion.Tests\Orion.Tests.csproj" termin├®e (Restore cible(s)).
   1:7>Projet "C:\Personnal\Projects\Orion\backend\Orion.Tests\Orion.Tests.csproj" sur le n┼ôud 4 (VSTest cible(s)).
     1>BuildProject:
         La build a d├®marr├®. PatientezÔÇª
   1:7>Le projet "C:\Personnal\Projects\Orion\backend\Orion.Tests\Orion.Tests.csproj" (1:7) g├®n├¿re "C:\Personnal\Projects\Orion\backend\Orion.Tests\Orion.Tests.csproj" (1:8) sur le n┼ôud 4 (cibles par d├®faut).
   1:8>Le projet "C:\Personnal\Projects\Orion\backend\Orion.Tests\Orion.Tests.csproj" (1:8) g├®n├¿re "C:\Personnal\Projects\Orion\backend\Orion.Core\Orion.Core.csproj" (2:8) sur le n┼ôud 3 (cibles par d├®faut).
     2>GenerateTargetFrameworkMonikerAttribute:
       La cible est ignor├®e "GenerateTargetFrameworkMonikerAttribute", car tous les fichiers de sortie sont ├á jour par rapport aux fichiers d'entr├®e.
       CoreGenerateAssemblyInfo:
       La cible est ignor├®e "CoreGenerateAssemblyInfo", car tous les fichiers de sortie sont ├á jour par rapport aux fichiers d'entr├®e.
       _GenerateSourceLinkFile:
         Le fichier 'obj\Debug\net9.0\Orion.Core.sourcelink.json' de Source Link est ├á jour.
       CoreCompile:
       La cible est ignor├®e "CoreCompile", car tous les fichiers de sortie sont ├á jour par rapport aux fichiers d'entr├®e.
       GenerateBuildDependencyFile:
       La cible est ignor├®e "GenerateBuildDependencyFile", car tous les fichiers de sortie sont ├á jour par rapport aux fichiers d'entr├®e.
       CopyFilesToOutputDirectory:
         Orion.Core -> C:\Personnal\Projects\Orion\backend\Orion.Core\bin\Debug\net9.0\Orion.Core.dll
     2>G├®n├®ration du projet "C:\Personnal\Projects\Orion\backend\Orion.Core\Orion.Core.csproj" termin├®e (cibles par d├®faut).
   1:8>Le projet "C:\Personnal\Projects\Orion\backend\Orion.Tests\Orion.Tests.csproj" (1:8) g├®n├¿re "C:\Personnal\Projects\Orion\backend\Orion.Data\Orion.Data.csproj" (4:7) sur le n┼ôud 4 (cibles par d├®faut).
     4>GenerateTargetFrameworkMonikerAttribute:
       La cible est ignor├®e "GenerateTargetFrameworkMonikerAttribute", car tous les fichiers de sortie sont ├á jour par rapport aux fichiers d'entr├®e.
   1:8>Le projet "C:\Personnal\Projects\Orion\backend\Orion.Tests\Orion.Tests.csproj" (1:8) g├®n├¿re "C:\Personnal\Projects\Orion\backend\Orion.Business\Orion.Business.csproj" (3:7) sur le n┼ôud 2 (cibles par d├®faut).
     3>GenerateTargetFrameworkMonikerAttribute:
       La cible est ignor├®e "GenerateTargetFrameworkMonikerAttribute", car tous les fichiers de sortie sont ├á jour par rapport aux fichiers d'entr├®e.
     4>CoreGenerateAssemblyInfo:
       La cible est ignor├®e "CoreGenerateAssemblyInfo", car tous les fichiers de sortie sont ├á jour par rapport aux fichiers d'entr├®e.
     3>CoreGenerateAssemblyInfo:
       La cible est ignor├®e "CoreGenerateAssemblyInfo", car tous les fichiers de sortie sont ├á jour par rapport aux fichiers d'entr├®e.
     4>_GenerateSourceLinkFile:
         Le fichier 'obj\Debug\net9.0\Orion.Data.sourcelink.json' de Source Link est ├á jour.
       CoreCompile:
       La cible est ignor├®e "CoreCompile", car tous les fichiers de sortie sont ├á jour par rapport aux fichiers d'entr├®e.
     3>_GenerateSourceLinkFile:
         Le fichier 'obj\Debug\net9.0\Orion.Business.sourcelink.json' de Source Link est ├á jour.
     4>GenerateBuildDependencyFile:
       La cible est ignor├®e "GenerateBuildDependencyFile", car tous les fichiers de sortie sont ├á jour par rapport aux fichiers d'entr├®e.
     3>CoreCompile:
       La cible est ignor├®e "CoreCompile", car tous les fichiers de sortie sont ├á jour par rapport aux fichiers d'entr├®e.
     4>CopyFilesToOutputDirectory:
         Orion.Data -> C:\Personnal\Projects\Orion\backend\Orion.Data\bin\Debug\net9.0\Orion.Data.dll
     4>G├®n├®ration du projet "C:\Personnal\Projects\Orion\backend\Orion.Data\Orion.Data.csproj" termin├®e (cibles par d├®faut).
     3>GenerateBuildDependencyFile:
       La cible est ignor├®e "GenerateBuildDependencyFile", car tous les fichiers de sortie sont ├á jour par rapport aux fichiers d'entr├®e.
       CopyFilesToOutputDirectory:
         Orion.Business -> C:\Personnal\Projects\Orion\backend\Orion.Business\bin\Debug\net9.0\Orion.Business.dll
     3>G├®n├®ration du projet "C:\Personnal\Projects\Orion\backend\Orion.Business\Orion.Business.csproj" termin├®e (cibles par d├®faut).
   1:8>Le projet "C:\Personnal\Projects\Orion\backend\Orion.Tests\Orion.Tests.csproj" (1:8) g├®n├¿re "C:\Personnal\Projects\Orion\backend\Orion.Api\Orion.Api.csproj" (5:6) sur le n┼ôud 1 (cibles par d├®faut).
     5>GenerateTargetFrameworkMonikerAttribute:
       La cible est ignor├®e "GenerateTargetFrameworkMonikerAttribute", car tous les fichiers de sortie sont ├á jour par rapport aux fichiers d'entr├®e.
       CoreGenerateAssemblyInfo:
       La cible est ignor├®e "CoreGenerateAssemblyInfo", car tous les fichiers de sortie sont ├á jour par rapport aux fichiers d'entr├®e.
       _DiscoverMvcApplicationParts:
       La cible est ignor├®e "_DiscoverMvcApplicationParts", car tous les fichiers de sortie sont ├á jour par rapport aux fichiers d'entr├®e.
       _GenerateSourceLinkFile:
         Le fichier 'obj\Debug\net9.0\Orion.Api.sourcelink.json' de Source Link est ├á jour.
       CoreCompile:
       La cible est ignor├®e "CoreCompile", car tous les fichiers de sortie sont ├á jour par rapport aux fichiers d'entr├®e.
       _CreateAppHost:
       La cible est ignor├®e "_CreateAppHost", car tous les fichiers de sortie sont ├á jour par rapport aux fichiers d'entr├®e.
       _ProcessScopedCssFiles:
       La cible est ignor├®e "_ProcessScopedCssFiles" car elle ne comporte pas de sortie.
       _ProcessScopedCssFiles:
       La cible est ignor├®e "_ProcessScopedCssFiles" car elle ne comporte pas de sortie.
       _BuildCopyStaticWebAssetsPreserveNewest:
       La cible est ignor├®e "_BuildCopyStaticWebAssetsPreserveNewest" car elle ne comporte pas de sortie.
       _CopyOutOfDateSourceItemsToOutputDirectory:
       La cible est ignor├®e "_CopyOutOfDateSourceItemsToOutputDirectory", car tous les fichiers de sortie sont ├á jour par rapport aux fichiers d'entr├®e.
       GenerateBuildDependencyFile:
       La cible est ignor├®e "GenerateBuildDependencyFile", car tous les fichiers de sortie sont ├á jour par rapport aux fichiers d'entr├®e.
       GenerateBuildRuntimeConfigurationFiles:
       La cible est ignor├®e "GenerateBuildRuntimeConfigurationFiles", car tous les fichiers de sortie sont ├á jour par rapport aux fichiers d'entr├®e.
       CopyFilesToOutputDirectory:
         Orion.Api -> C:\Personnal\Projects\Orion\backend\Orion.Api\bin\Debug\net9.0\Orion.Api.dll
     5>G├®n├®ration du projet "C:\Personnal\Projects\Orion\backend\Orion.Api\Orion.Api.csproj" termin├®e (cibles par d├®faut).
     1>GenerateTargetFrameworkMonikerAttribute:
       La cible est ignor├®e "GenerateTargetFrameworkMonikerAttribute", car tous les fichiers de sortie sont ├á jour par rapport aux fichiers d'entr├®e.
       CoreGenerateAssemblyInfo:
       La cible est ignor├®e "CoreGenerateAssemblyInfo", car tous les fichiers de sortie sont ├á jour par rapport aux fichiers d'entr├®e.
       _GenerateSourceLinkFile:
         Le fichier 'obj\Debug\net9.0\Orion.Tests.sourcelink.json' de Source Link est ├á jour.
       CoreCompile:
       La cible est ignor├®e "CoreCompile", car tous les fichiers de sortie sont ├á jour par rapport aux fichiers d'entr├®e.
       _CopyOutOfDateSourceItemsToOutputDirectory:
       La cible est ignor├®e "_CopyOutOfDateSourceItemsToOutputDirectory", car tous les fichiers de sortie sont ├á jour par rapport aux fichiers d'entr├®e.
       GenerateBuildDependencyFile:
       La cible est ignor├®e "GenerateBuildDependencyFile", car tous les fichiers de sortie sont ├á jour par rapport aux fichiers d'entr├®e.
       GenerateBuildRuntimeConfigurationFiles:
       La cible est ignor├®e "GenerateBuildRuntimeConfigurationFiles", car tous les fichiers de sortie sont ├á jour par rapport aux fichiers d'entr├®e.
       CopyFilesToOutputDirectory:
         Orion.Tests -> C:\Personnal\Projects\Orion\backend\Orion.Tests\bin\Debug\net9.0\Orion.Tests.dll
     1>G├®n├®ration du projet "C:\Personnal\Projects\Orion\backend\Orion.Tests\Orion.Tests.csproj" termin├®e (cibles par d├®faut).
     1>BuildProject:
         Fin de la build.
         
S├®rie de tests pour C:\Personnal\Projects\Orion\backend\Orion.Tests\bin\Debug\net9.0\Orion.Tests.dll (.NETCoreApp,Version=v9.0)
Version de VSTest 17.14.1 (x64)

D├®marrage de l'ex├®cution de tests, patientez...
Au total, 1 fichiers de test ont correspondu au mod├¿le sp├®cifi├®.
[xUnit.net 00:00:00.00] xUnit.net VSTest Adapter v2.8.2+699d445a1a (64-bit .NET 9.0.10)
[xUnit.net 00:00:00.16]   Discovering: Orion.Tests
[xUnit.net 00:00:00.24]   Discovered:  Orion.Tests
[xUnit.net 00:00:00.25]   Starting:    Orion.Tests
dotnet : [xUnit.net 00:00:00.50]     Orion.Tests.Controllers.HealthControllerTests.GetHealth_When_Ollama_Active_Returns_Healthy_With_Ollama [FAIL]
Au caractère Ligne:1 : 1
+ dotnet test Orion.Tests --filter "HealthControllerTests" -v n > test_ ...
+ ~~~~~~~~~~~~~~~~~~~~~~~~~~~~~~~~~~~~~~~~~~~~~~~~~~~~~~~~~~~~~~~~~~~~~
    + CategoryInfo          : NotSpecified: ([xUnit.net 00:0...h_Ollama [FAIL]:String) [], RemoteException
    + FullyQualifiedErrorId : NativeCommandError
 
[xUnit.net 00:00:00.50]       Microsoft.CSharp.RuntimeBinder.RuntimeBinderException : 'object' does not contain a definition for 'status'
[xUnit.net 00:00:00.50]       Stack Trace:
[xUnit.net 00:00:00.50]            at CallSite.Target(Closure, CallSite, Object)
[xUnit.net 00:00:00.50]            at System.Dynamic.UpdateDelegates.UpdateAndExecute1[T0,TRet](CallSite site, T0 arg0)
[xUnit.net 00:00:00.50]         C:\Personnal\Projects\Orion\backend\Orion.Tests\Controllers\HealthControllerTests.cs(34,0): at Orion.Tests.Controllers.HealthControllerTests.GetHealth_When_Ollama_Active_Returns_Healthy_With_Ollama()
[xUnit.net 00:00:00.50]            at System.RuntimeMethodHandle.InvokeMethod(Object target, Void** arguments, Signature sig, Boolean isConstructor)
[xUnit.net 00:00:00.50]            at System.Reflection.MethodBaseInvoker.InvokeWithNoArgs(Object obj, BindingFlags invokeAttr)
[xUnit.net 00:00:00.51]     Orion.Tests.Controllers.HealthControllerTests.GetHealth_When_Anthropic_Active_Returns_Healthy_With_Anthropic [FAIL]
[xUnit.net 00:00:00.51]       Microsoft.CSharp.RuntimeBinder.RuntimeBinderException : 'object' does not contain a definition for 'status'
[xUnit.net 00:00:00.51]       Stack Trace:
[xUnit.net 00:00:00.51]            at CallSite.Target(Closure, CallSite, Object)
[xUnit.net 00:00:00.51]            at System.Dynamic.UpdateDelegates.UpdateAndExecute1[T0,TRet](CallSite site, T0 arg0)
[xUnit.net 00:00:00.51]         C:\Personnal\Projects\Orion\backend\Orion.Tests\Controllers\HealthControllerTests.cs(52,0): at Orion.Tests.Controllers.HealthControllerTests.GetHealth_When_Anthropic_Active_Returns_Healthy_With_Anthropic()
[xUnit.net 00:00:00.51]            at System.RuntimeMethodHandle.InvokeMethod(Object target, Void** arguments, Signature sig, Boolean isConstructor)
[xUnit.net 00:00:00.51]            at System.Reflection.MethodBaseInvoker.InvokeWithNoArgs(Object obj, BindingFlags invokeAttr)
[xUnit.net 00:00:00.52]   Finished:    Orion.Tests
  ├ëchou├® Orion.Tests.Controllers.HealthControllerTests.GetHealth_When_Ollama_Active_Returns_Healthy_With_Ollama [167 ms]
  Message d'erreur┬á:
   Microsoft.CSharp.RuntimeBinder.RuntimeBinderException : 'object' does not contain a definition for 'status'
  Arborescence des appels de proc├®dure┬á:
     at CallSite.Target(Closure, CallSite, Object)
   at System.Dynamic.UpdateDelegates.UpdateAndExecute1[T0,TRet](CallSite site, T0 arg0)
   at Orion.Tests.Controllers.HealthControllerTests.GetHealth_When_Ollama_Active_Returns_Healthy_With_Ollama() in C:\Personnal\Projects\Orion\backend\Orion.Tests\Controllers\HealthControllerTests.cs:line 34
   at System.RuntimeMethodHandle.InvokeMethod(Object target, Void** arguments, Signature sig, Boolean isConstructor)
   at System.Reflection.MethodBaseInvoker.InvokeWithNoArgs(Object obj, BindingFlags invokeAttr)
  ├ëchou├® Orion.Tests.Controllers.HealthControllerTests.GetHealth_When_Anthropic_Active_Returns_Healthy_With_Anthropic [1 ms]
  Message d'erreur┬á:
   Microsoft.CSharp.RuntimeBinder.RuntimeBinderException : 'object' does not contain a definition for 'status'
  Arborescence des appels de proc├®dure┬á:
     at CallSite.Target(Closure, CallSite, Object)
   at System.Dynamic.UpdateDelegates.UpdateAndExecute1[T0,TRet](CallSite site, T0 arg0)
   at Orion.Tests.Controllers.HealthControllerTests.GetHealth_When_Anthropic_Active_Returns_Healthy_With_Anthropic() in C:\Personnal\Projects\Orion\backend\Orion.Tests\Controllers\HealthControllerTests.cs:line 52
   at System.RuntimeMethodHandle.InvokeMethod(Object target, Void** arguments, Signature sig, Boolean isConstructor)
   at System.Reflection.MethodBaseInvoker.InvokeWithNoArgs(Object obj, BindingFlags invokeAttr)
  R├®ussi Orion.Tests.Controllers.HealthControllerTests.GetHealth_When_No_Provider_Returns_Healthy_With_Null [7 ms]

├ëchec de la s├®rie de tests.
Nombre total de tests┬á: 3
     R├®ussi(s)┬á: 1
     Non r├®ussi(s)┬á: 2
 Dur├®e totale┬á: 1,6998 Secondes
       _VSTestConsole:
         MSB4181: la t├óche "VSTestTask" a retourn├® false mais n'a pas journalis├® d'erreur.
     1>G├®n├®ration du projet "C:\Personnal\Projects\Orion\backend\Orion.Tests\Orion.Tests.csproj" termin├®e (VSTest cible(s)) -- ├ëCHEC.

├ëCHEC de la build.
    0 Avertissement(s)
    0 Erreur(s)

Temps ├®coul├® 00:00:08.04

Des mises ├á jour de la charge de travail sont disponibles. Ex├®cutez `dotnet workload list` pour plus dÔÇÖinformations.
